// Jest Snapshot v1, https://goo.gl/fbAQLP

exports[`App Component should render correctly in "debug" mode 1`] = `
<div>
  <header>
    <img
      alt="logo"
      id="logo"
      src="logo.png"
    />
    <h1>
      Welcome to React Tube
    </h1>
  </header>
  <Login />
</div>
`;
